[hamyarwp.com/preview/zakra-pharmacy/index.html]
[backblue.gif]
[fade.gif]
[index.html]
[hamyarwp.com/preview/wp-content/themes/Preview/bootstrap-rtl.min.css]
[hamyarwp.com/preview/wp-content/themes/Preview/owl.carousel.min.css]
[hamyarwp.com/preview/wp-content/themes/Preview/owl.theme.default.min.css]
[hamyarwp.com/preview/wp-content/themes/Preview/previewe9aa.css]
[hamyarwp.com/preview/wp-content/themes/Preview/images/logo.png]
[dl.hamyarwp.com/2021/02/simply-natural300-hamyarwp.jpg]
[dl.hamyarwp.com/2021/02/everse300-hamyarwp.jpg]
[dl.hamyarwp.com/2021/02/Spacious-Interior300-hamyarwp.jpg]
[dl.hamyarwp.com/2021/02/Spacious-Store300-hamyarwp.jpg]
[dl.hamyarwp.com/2021/02/Deep300-hamyarwp.jpg]
[dl.hamyarwp.com/2021/02/phlox-today-business300-hamyarwp.jpg]
[dl.hamyarwp.com/2021/02/TrustNews300-hamyarwp.jpg]
[dl.hamyarwp.com/2021/02/Phlox-Travel300-hamyarwp.jpg]
[dl.hamyarwp.com/2021/02/Pholex-Cleaning-Service300-hamyarwp.jpg]
[dl.hamyarwp.com/2021/02/Shopay-Store300-hamyarwp.jpg]
[dl.hamyarwp.com/2021/01/zakra-one-page300-hamyarwp.jpg]
[dl.hamyarwp.com/2021/01/Pholex-Creative-Corporate300-hamyarwp.jpg]
[dl.hamyarwp.com/2021/01/cherry-biz300-hamyarwp.jpg]
[dl.hamyarwp.com/2021/01/The-Words300-hamyarwp.jpg]
[dl.hamyarwp.com/2021/01/Hardnews300-hamyarwp.jpg]
[dl.hamyarwp.com/2021/01/Shopage300-hamyarwp.jpg]
[dl.hamyarwp.com/2021/01/Deneb300-hamyarwp.jpg]
[dl.hamyarwp.com/2021/01/Ecommerce-Prime300-hamyarwp.jpg]
[dl.hamyarwp.com/2021/01/Business-Gravity300-hamyarwp.jpg]
[code.jquery.com/jquery-1.10.2.min.js]
[hamyarwp.com/preview/zakra-pharmacy/index.html]
[hamyarwp.com/preview/wp-content/themes/Preview/bootstrap-rtl.min.css]
[hamyarwp.com/preview/wp-content/themes/Preview/js/owl.carousel.js]
[hamyarwp.com/preview/wp-content/themes/Preview/owl.video.play.png]
[hamyarwp.com/preview/wp-content/themes/Preview/owl.carousel.min.css]
[hamyarwp.com/preview/wp-content/themes/Preview/owl.theme.default.min.css]
[hamyarwp.com/preview/wp-content/themes/Preview/fonts/IRANSansWeb_Light.eot]
[hamyarwp.com/preview/wp-content/themes/Preview/fonts/IRANSansWeb_Lightd41d.eot]
[hamyarwp.com/preview/wp-content/themes/Preview/fonts/IRANSansWeb_Light.woff2]
[hamyarwp.com/preview/wp-content/themes/Preview/fonts/IRANSansWeb_Light.woff]
[hamyarwp.com/preview/wp-content/themes/Preview/fonts/IRANSansWeb_Light.ttf]
[hamyarwp.com/preview/wp-content/themes/Preview/fonts/IRANSansWeb_Medium.eot]
[hamyarwp.com/preview/wp-content/themes/Preview/fonts/IRANSansWeb_Mediumd41d.eot]
[hamyarwp.com/preview/wp-content/themes/Preview/fonts/IRANSansWeb_Medium.woff2]
[hamyarwp.com/preview/wp-content/themes/Preview/fonts/IRANSansWeb_Medium.woff]
[hamyarwp.com/preview/wp-content/themes/Preview/fonts/IRANSansWeb_Medium.ttf]
[hamyarwp.com/preview/wp-content/themes/Preview/images/devices.png]
[hamyarwp.com/preview/wp-content/themes/Preview/previewe9aa.css]
[www.googletagmanager.com/gtm5445.html]
[hamyarwp.com/preview/wp-content/themes/Preview/owl.video.play.html]
